// Jest Snapshot v1, https://goo.gl/fbAQLP

exports[`Expect to render Quote List component 1`] = `[Function]`;
