// Jest Snapshot v1, https://goo.gl/fbAQLP

exports[`Test Anime List Component Expect to render Search component 1`] = `[Function]`;
